// Jest Snapshot v1, https://goo.gl/fbAQLP

exports[`renders 1`] = `
<DocumentFragment>
  <div>
    <fieldset>
      <legend>
        Personal Details
      </legend>
    </fieldset>
    <fieldset>
      <legend>
        Statement
      </legend>
    </fieldset>
    <fieldset>
      <legend>
        Key Skills
      </legend>
    </fieldset>
    <fieldset>
      <legend>
        Employment History
      </legend>
    </fieldset>
    <fieldset>
      <legend>
        Education
      </legend>
    </fieldset>
  </div>
</DocumentFragment>
`;
